Diagnose log at 2025-11-30T15:35:04Z

AppPath: C:\Program Files\Git\mingw64\bin\git-credential-manager.exe
InstallDir: C:\Program Files\Git\mingw64\bin\
Version: 2.6.1+786ab03440ddc82e807a97c0e540f5247e44cec6

------------
Diagnostic: Environment
Skipped: False
Success: True
Exception: None
Log:
OSType: Windows
OSVersion: 10.0 (build 26100)
Reading environment variables... OK
 Variables:
HOMEPATH=\Users\Administrator
FMP_API_KEY=J9XFerW1O2obTECDY0Apyypz7KAJCQgE
COMPUTERNAME=USER-20250217UG
DriverData=C:\Windows\System32\Drivers\DriverData
GIT_TRACE2_PARENT_SID=23f81689-2790-4331-bcc1-9203850649cb
isArchMatched=1
OneDrive=C:\Users\Administrator\OneDrive
PYTHON_BASIC_REPL=1
SAFE_RM_AUTO_ADD_TEMP=1
SESSIONNAME=Console
TMP=C:\Users\ADMINI~1\AppData\Local\Temp
PROCESSOR_REVISION=9702
USERDOMAIN_ROAMINGPROFILE=USER-20250217UG
PATHEXT=.COM;.EXE;.BAT;.CMD;.VBS;.VBE;.JS;.JSE;.WSF;.WSH;.MSC;.CPL
TERM_PRODUCT=Trae
UGIT_HOME=C:\Users\Administrator\AppData\Local\UGit\app-5.42.0
GIT_EXEC_PATH=C:/Program Files/Git/mingw64/libexec/git-core
TEMP=C:\Users\ADMINI~1\AppData\Local\Temp
AHA_CHROME_CRASHPAD_PIPE_NAME=\\.\pipe\crashpad_331532_FYTXMVHKSNPOGPSQ
MSYSTEM=MINGW64
PLAYWRIGHT_SKIP_BROWSER_DOWNLOAD=1
PROCESSOR_IDENTIFIER=Intel64 Family 6 Model 151 Stepping 2, GenuineIntel
PLAYWRIGHT_BROWSERS_PATH=C:\Users\Administrator\AppData\Local\ms-playwright
COLORTERM=truecolor
PYTHONSTARTUP=c:\Users\Administrator\AppData\Roaming\Trae\User\workspaceStorage\f5006b390063891ee5b7f290c9f67a01\ms-python.python\pythonrc.py
USERDOMAIN=USER-20250217UG
CUDA_PATH=C:\Program Files\NVIDIA GPU Computing Toolkit\CUDA\v12.5
SAFE_RM_SOURCE_FLAG=c:\Users\Administrator\AppData\Local\Temp\safe-rm-source-flag-a03c1513-94b9-4a47-944a-9dcb2a635347
CUDA_PATH_V12_5=C:\Program Files\NVIDIA GPU Computing Toolkit\CUDA\v12.5
Path=C:/Program Files/Git/mingw64/libexec/git-core;C:\Program Files\Git\mingw64\bin;C:\Program Files\Git\usr\bin;C:\Users\Administrator\bin;c:\\Users\\Administrator\\.trae\\sdks\\workspaces\\f5006b39\\versions\\node\\current;c:\\Users\\Administrator\\.trae\\sdks\\versions\\node\\current;c:\Users\Administrator\.trae\sdks\workspaces\f5006b39\versions\node\current;c:\Users\Administrator\.trae\sdks\versions\node\current;G:\VMware\bin\;C:\Program Files\NVIDIA GPU Computing Toolkit\CUDA\v12.5\bin;C:\Program Files\NVIDIA GPU Computing Toolkit\CUDA\v12.5\libnvvp;C:\WINDOWS\system32;C:\WINDOWS;C:\WINDOWS\System32\Wbem;C:\WINDOWS\System32\WindowsPowerShell\v1.0\;C:\WINDOWS\System32\OpenSSH\;C:\Program Files (x86)\NVIDIA Corporation\PhysX\Common;C:\Program Files\NVIDIA Corporation\NVIDIA NvDLISR;C:\Program Files\NVIDIA Corporation\Nsight Compute 2024.2.1\;C:\Program Files\NVIDIA GPU Computing Toolkit\CUDA\v12.6\lib;C:\Program Files\NVIDIA GPU Computing Toolkit\CUDA\v12.6\include;C:\Program Files\Git\cmd;C:\Program Files\dotnet\;C:\Program Files\nodejs\;C:\Program Files\Docker\Docker\resources\bin;d:\Program Files\Trae\bin;C:\Users\Administrator\AppData\Local\Programs\Python\Python311\Scripts\;C:\Users\Administrator\AppData\Local\Programs\Python\Python311\;C:\Users\Administrator\AppData\Local\Programs\Python\Python313\Scripts\;C:\Users\Administrator\AppData\Local\Programs\Python\Python313\;C:\Users\Administrator\AppData\Local\Microsoft\WindowsApps;C:\Users\Administrator\AppData\Local\GitHubDesktop\bin;D:\Program Files (x86)\Microsoft VS Code\bin;C:\Users\Administrator\.dotnet\tools;C:\Users\Administrator\AppData\Roaming\npm;C:\Users\Administrator\AppData\Local\UGit\app-5.42.0\resources\app\git\cmd;C:\Users\Administrator\AppData\Local\UGit\bin;D:\Program Files\Trae\resources\app\out\vs\workbench\contrib\terminal\common\scripts
AI_AGENT=TRAE
TERM_PROGRAM=vscode
PROCESSOR_LEVEL=6
NUMBER_OF_PROCESSORS=20
TMPDIR=C:\Users\ADMINI~1\AppData\Local\Temp
VSCODE_GIT_ASKPASS_EXTRA_ARGS=
TERM_PROGRAM_VERSION=1.104.3
GIT_ASKPASS=d:\Program Files\Trae\resources\app\extensions\git\dist\askpass.sh
ProgramFiles(x86)=C:\Program Files (x86)
PUBLIC=C:\Users\Public
VSCODE_GIT_IPC_HANDLE=\\.\pipe\vscode-git-01df78e81c-sock
CommonProgramFiles=C:\Program Files (x86)\Common Files
VSCODE_INJECTION=1
SAFE_RM_ALLOWED_PATH=d:\ugit\wanxin;c:\users\administrator\appdata\local\temp;c:\users\administrator\appdata\local\temp;c:\users\administrator\appdata\local\temp;c:\windows\temp
TERM=xterm-256color
VSCODE_GIT_ASKPASS_MAIN=d:\Program Files\Trae\resources\app\extensions\git\dist\askpass-main.js
PLINK_PROTOCOL=ssh
ProgramData=C:\ProgramData
ProgramW6432=C:\Program Files
ProgramFiles=C:\Program Files (x86)
SAFE_RM_PROTECTION_FLAG=c:\Users\Administrator\AppData\Local\Temp\safe-rm-protection-flag-59db8e7a-d576-4ca6-a796-41f060cee122
OLLAMA_ORIGINS=*
TRAE_AI_SHELL_ID=4
VSCODE_GIT_ASKPASS_NODE=D:\Program Files\Trae\Trae.exe
PLAYWRIGHT_DOWNLOAD_HOST=https://npmmirror.com/mirrors/playwright
SystemRoot=C:\WINDOWS
EFC_349856_1592913036=1
ORIGINAL_XDG_CURRENT_DESKTOP=undefined
HOME=C:\Users\Administrator
SAFE_RM_DENIED_PATH=d:\UGit\wanxin\.vscode;d:\UGit\wanxin\.trae;d:\UGit\wanxin\.git
LOCALAPPDATA=C:\Users\Administrator\AppData\Local
CommonProgramW6432=C:\Program Files\Common Files
ZES_ENABLE_SYSMAN=1
LOGONSERVER=\\USER-20250217UG
USERPROFILE=C:\Users\Administrator
CommonProgramFiles(x86)=C:\Program Files (x86)\Common Files
APPDATA=C:\Users\Administrator\AppData\Roaming
HOMEDRIVE=C:
VSCODE_PYTHON_AUTOACTIVATE_GUARD=1
PSModulePath=C:\Users\Administrator\Documents\WindowsPowerShell\Modules;C:\Program Files\WindowsPowerShell\Modules;C:\WINDOWS\system32\WindowsPowerShell\v1.0\Modules
USERNAME=Administrator
PROCESSOR_ARCHITEW6432=AMD64
PROCESSOR_ARCHITECTURE=x86
OS=Windows_NT
ComSpec=C:\WINDOWS\system32\cmd.exe
SystemDrive=C:
windir=C:\WINDOWS
LANG=zh_CN.UTF-8
ALLUSERSPROFILE=C:\ProgramData


------------
Diagnostic: File system
Skipped: False
Success: True
Exception: None
Log:
Temporary directory is 'C:\Users\Administrator\AppData\Local\Temp\'...
Checking basic file I/O...
Writing to temporary file 'C:\Users\Administrator\AppData\Local\Temp\f55945139fef52ea77f0f86c'... OK
Reading from temporary file 'C:\Users\Administrator\AppData\Local\Temp\f55945139fef52ea77f0f86c'... OK
Deleting temporary file 'C:\Users\Administrator\AppData\Local\Temp\f55945139fef52ea77f0f86c'... OK
Testing IFileSystem instance...
UserHomePath: C:\Users\Administrator
UserDataDirectoryPath: C:\Users\Administrator\.gcm
GetCurrentDirectory(): D:\UGit\wanxin

------------
Diagnostic: Networking
Skipped: False
Success: True
Exception: None
Log:
Checking networking and HTTP stack...
Creating HTTP client... OK
IsNetworkAvailable: True
Sending HEAD request to http://example.com...Sending HEAD request to https://example.com... OK
 OK
Acquiring free TCP port... OK
Testing local HTTP loopback connections...
Creating new HTTP listener for http://localhost:14916/... OK
Waiting for loopback connection... OK
Writing response... OK
Waiting for response data... OK
Loopback connection data OK

------------
Diagnostic: Git
Skipped: False
Success: True
Exception: None
Log:
Getting Git version... OK
Git version is '2.50.0.windows.2'
Locating current repository...Git repository at 'D:/UGit/wanxin/.git'
 OK
Listing all Git configuration... OK
Git configuration:
file:C:/Program Files/Git/etc/gitconfig	diff.astextplain.textconv=astextplain
file:C:/Program Files/Git/etc/gitconfig	filter.lfs.clean=git-lfs clean -- %f
file:C:/Program Files/Git/etc/gitconfig	filter.lfs.smudge=git-lfs smudge -- %f
file:C:/Program Files/Git/etc/gitconfig	filter.lfs.process=git-lfs filter-process
file:C:/Program Files/Git/etc/gitconfig	filter.lfs.required=true
file:C:/Program Files/Git/etc/gitconfig	http.sslbackend=schannel
file:C:/Program Files/Git/etc/gitconfig	core.autocrlf=true
file:C:/Program Files/Git/etc/gitconfig	core.fscache=true
file:C:/Program Files/Git/etc/gitconfig	core.symlinks=false
file:C:/Program Files/Git/etc/gitconfig	pull.rebase=false
file:C:/Program Files/Git/etc/gitconfig	credential.helper=manager
file:C:/Program Files/Git/etc/gitconfig	credential.https://dev.azure.com.usehttppath=true
file:C:/Program Files/Git/etc/gitconfig	init.defaultbranch=master
file:C:/Users/Administrator/.gitconfig	filter.lfs.clean=git-lfs clean -- %f
file:C:/Users/Administrator/.gitconfig	filter.lfs.smudge=git-lfs smudge -- %f
file:C:/Users/Administrator/.gitconfig	filter.lfs.process=git-lfs filter-process
file:C:/Users/Administrator/.gitconfig	filter.lfs.required=true
file:C:/Users/Administrator/.gitconfig	user.name=hikedi
file:C:/Users/Administrator/.gitconfig	user.email=liuwar3@qq.com
file:C:/Users/Administrator/.gitconfig	user.useconfigonly=true
file:C:/Users/Administrator/.gitconfig	core.quotepath=false
file:C:/Users/Administrator/.gitconfig	core.longpaths=true
file:C:/Users/Administrator/.gitconfig	core.autocrlf=true
file:C:/Users/Administrator/.gitconfig	core.trustctime=false
file:C:/Users/Administrator/.gitconfig	core.excludesfile=~/.gitignore_global
file:C:/Users/Administrator/.gitconfig	core.attributesfile=~/.attributes_global
file:C:/Users/Administrator/.gitconfig	core.ignorecase=true
file:C:/Users/Administrator/.gitconfig	core.untrackedcache=true
file:C:/Users/Administrator/.gitconfig	init.defaultbranch=main
file:C:/Users/Administrator/.gitconfig	http.postbuffer=655360000
file:C:/Users/Administrator/.gitconfig	http.sslcainfo=C:\Users\Administrator\AppData\Local\UGit\ssl\certs\ca-bundle.trust.crt
file:C:/Users/Administrator/.gitconfig	http.sslbackend=schannel
file:C:/Users/Administrator/.gitconfig	diff.text.textconv=cat
file:C:/Users/Administrator/.gitconfig	mergetool.keepbackup=false
file:C:/Users/Administrator/.gitconfig	lfs.concurrenttransfers=32
file:C:/Users/Administrator/.gitconfig	lfs.fetchrecentrefsdays=0
file:C:/Users/Administrator/.gitconfig	lfs.pruneoffsetdays=0
file:C:/Users/Administrator/.gitconfig	lfs.dialtimeout=3
file:C:/Users/Administrator/.gitconfig	lfs.tlstimeout=3
file:C:/Users/Administrator/.gitconfig	merge.lfs-text.driver=git lfs merge-driver --ancestor %O --current %A --other %B --marker-size %L --output %A --program 'git merge-file --stdout --marker-size=%%L %%A %%O %%B >%%D'
file:C:/Users/Administrator/.gitconfig	rebase.backend=merge
file:C:/Users/Administrator/.gitconfig	pull.rebase=false
file:C:/Users/Administrator/.gitconfig	safe.directory=*
file:C:/Users/Administrator/.gitconfig	credential.helper=manager-core
file:C:/Users/Administrator/.gitconfig	push.default=simple
file:.git/config	core.repositoryformatversion=0
file:.git/config	core.filemode=false
file:.git/config	core.bare=false
file:.git/config	core.logallrefupdates=true
file:.git/config	core.symlinks=false
file:.git/config	core.ignorecase=true
file:.git/config	submodule.active=.
file:.git/config	remote.origin.url=https://github.com/ricardowanxin-boop/wanxin.git
file:.git/config	remote.origin.fetch=+refs/heads/*:refs/remotes/origin/*
file:.git/config	branch.master.remote=origin
file:.git/config	branch.master.merge=refs/heads/master
file:.git/config	branch.master.vscode-merge-base=origin/master
file:.git/config	gc.auto=0
file:.git/config	branch.dev-20251130.remote=origin
file:.git/config	branch.dev-20251130.merge=refs/heads/dev-20251130
file:.git/config	branch.dev-20251130.vscode-merge-base=origin/dev-20251130


------------
Diagnostic: Credential storage
Skipped: False
Success: True
Exception: None
Log:
ICredentialStore instance is of type: CredentialStore
Writing test credential... OK
Reading test credential... OK
Deleting test credential... OK

------------
Diagnostic: Microsoft authentication (AAD/MSA)
Skipped: False
Success: True
Exception: None
Log:
Broker is not enabled.
Flow type is: Auto
Gathering MSAL token cache data... OK
CacheDirectory: C:\Users\Administrator\AppData\Local\.IdentityService
CacheFileName: msal.cache
CacheFilePath: C:\Users\Administrator\AppData\Local\.IdentityService\msal.cache
Creating cache helper... OK
Verifying MSAL token cache persistence... OK

------------
Diagnostic: GitHub API
Skipped: False
Success: True
Exception: None
Log:
Using 'https://github.com/' as API target.
Querying '/meta' endpoint... OK

